../Drivers/CMSIS/Include/core_cm4.h:2059:26:ITM_SendChar	4
../Core/Src/main.c:90:5:_write	2
../Core/Src/main.c:103:5:main	5
../Core/Src/main.c:182:6:SystemClock_Config	4
../Core/Src/main.c:233:13:MX_SPI2_Init	2
../Core/Src/main.c:273:13:MX_TIM2_Init	4
../Core/Src/main.c:318:13:MX_USART1_UART_Init	2
../Core/Src/main.c:353:13:MX_USART2_UART_Init	2
../Core/Src/main.c:388:13:MX_USART3_UART_Init	2
../Core/Src/main.c:426:13:MX_GPIO_Init	1
../Core/Src/main.c:462:6:SD_Card_Init	3
../Core/Src/main.c:512:6:read_from_SD	3
../Core/Src/main.c:531:6:write_to_SD	1
../Core/Src/main.c:542:6:un_mount	1
../Core/Src/main.c:548:6:HAL_TIM_PeriodElapsedCallback	2
../Core/Src/main.c:558:6:HAL_UART_ErrorCallback	4
../Core/Src/main.c:584:6:Error_Handler	1
