../Drivers/CMSIS/Include/core_cm4.h:2059:26:ITM_SendChar	16	static,ignoring_inline_asm
../Core/Src/main.c:90:5:_write	32	static
../Core/Src/main.c:103:5:main	16	static
../Core/Src/main.c:182:6:SystemClock_Config	96	static
../Core/Src/main.c:233:13:MX_SPI2_Init	8	static
../Core/Src/main.c:273:13:MX_TIM2_Init	40	static
../Core/Src/main.c:318:13:MX_USART1_UART_Init	8	static
../Core/Src/main.c:353:13:MX_USART2_UART_Init	8	static
../Core/Src/main.c:388:13:MX_USART3_UART_Init	8	static
../Core/Src/main.c:426:13:MX_GPIO_Init	40	static
../Core/Src/main.c:462:6:SD_Card_Init	24	static
../Core/Src/main.c:512:6:read_from_SD	56	static
../Core/Src/main.c:531:6:write_to_SD	88	static
../Core/Src/main.c:542:6:un_mount	8	static
../Core/Src/main.c:548:6:HAL_TIM_PeriodElapsedCallback	16	static
../Core/Src/main.c:558:6:HAL_UART_ErrorCallback	16	static
../Core/Src/main.c:584:6:Error_Handler	4	static,ignoring_inline_asm
