../Drivers/CMSIS/Include/core_cm4.h:2059:26:ITM_SendChar	16	static,ignoring_inline_asm
../Core/Src/main.c:94:5:_write	32	static
../Core/Src/main.c:107:5:main	32	static
../Core/Src/main.c:201:6:SystemClock_Config	96	static
../Core/Src/main.c:252:13:MX_SPI2_Init	8	static
../Core/Src/main.c:292:13:MX_TIM1_Init	40	static
../Core/Src/main.c:339:13:MX_USART1_UART_Init	8	static
../Core/Src/main.c:374:13:MX_USART2_UART_Init	8	static
../Core/Src/main.c:409:13:MX_GPIO_Init	40	static
../Core/Src/main.c:451:6:process_SD_card	24	static
../Core/Src/main.c:501:6:read_SD_data	8	static
../Core/Src/main.c:515:6:write_to_SD	80	static
../Core/Src/main.c:527:6:un_mount	8	static
../Core/Src/main.c:539:6:Error_Handler	4	static,ignoring_inline_asm
