../Drivers/CMSIS/Include/core_cm4.h:2059:26:ITM_SendChar	4
../Core/Src/main.c:93:5:_write	2
../Core/Src/main.c:106:5:main	7
../Core/Src/main.c:202:6:SystemClock_Config	4
../Core/Src/main.c:253:13:MX_SPI2_Init	2
../Core/Src/main.c:293:13:MX_TIM1_Init	4
../Core/Src/main.c:340:13:MX_USART1_UART_Init	2
../Core/Src/main.c:375:13:MX_USART2_UART_Init	2
../Core/Src/main.c:410:13:MX_GPIO_Init	1
../Core/Src/main.c:452:6:process_SD_card	4
../Core/Src/main.c:502:6:read_SD_data	2
../Core/Src/main.c:516:6:write_to_SD	1
../Core/Src/main.c:528:6:un_mount	1
../Core/Src/main.c:540:6:Error_Handler	1
