../Drivers/CMSIS/Include/core_cm4.h:2059:26:ITM_SendChar	4
../Core/Src/main.c:94:5:_write	2
../Core/Src/main.c:107:5:main	7
../Core/Src/main.c:201:6:SystemClock_Config	4
../Core/Src/main.c:252:13:MX_SPI2_Init	2
../Core/Src/main.c:292:13:MX_TIM1_Init	4
../Core/Src/main.c:339:13:MX_USART1_UART_Init	2
../Core/Src/main.c:374:13:MX_USART2_UART_Init	2
../Core/Src/main.c:409:13:MX_GPIO_Init	1
../Core/Src/main.c:451:6:process_SD_card	4
../Core/Src/main.c:501:6:read_SD_data	2
../Core/Src/main.c:515:6:write_to_SD	1
../Core/Src/main.c:527:6:un_mount	1
../Core/Src/main.c:539:6:Error_Handler	1
