../Drivers/CMSIS/Include/core_cm4.h:2059:26:ITM_SendChar	16	static,ignoring_inline_asm
../Core/Src/main.c:93:5:_write	32	static
../Core/Src/main.c:106:5:main	40	static
../Core/Src/main.c:202:6:SystemClock_Config	96	static
../Core/Src/main.c:253:13:MX_SPI2_Init	8	static
../Core/Src/main.c:293:13:MX_TIM1_Init	40	static
../Core/Src/main.c:340:13:MX_USART1_UART_Init	8	static
../Core/Src/main.c:375:13:MX_USART2_UART_Init	8	static
../Core/Src/main.c:410:13:MX_GPIO_Init	40	static
../Core/Src/main.c:452:6:process_SD_card	24	static
../Core/Src/main.c:502:6:read_SD_data	8	static
../Core/Src/main.c:516:6:write_to_SD	80	static
../Core/Src/main.c:528:6:un_mount	8	static
../Core/Src/main.c:540:6:Error_Handler	4	static,ignoring_inline_asm
