../Core/Src/main.c:76:7:nmeaToDecimal	32	static
../Core/Src/main.c:84:6:gpsParse	32	static
../Core/Src/main.c:105:5:gpsValidate	32	static
../Core/Src/main.c:164:6:HAL_UART_RxCpltCallback	56	static
../Core/Src/main.c:206:5:main	8	static
../Core/Src/main.c:257:6:SystemClock_Config	96	static
../Core/Src/main.c:307:13:MX_USART2_UART_Init	8	static
../Core/Src/main.c:342:13:MX_USART3_UART_Init	8	static
../Core/Src/main.c:379:13:MX_GPIO_Init	48	static
../Core/Src/main.c:437:6:Error_Handler	4	static,ignoring_inline_asm
