../Core/Src/main.c:96:6:uart_print	24	static
../Core/Src/main.c:109:5:main	40	static
../Core/Src/main.c:224:6:SystemClock_Config	96	static
../Core/Src/main.c:274:13:MX_SPI2_Init	8	static
../Core/Src/main.c:314:13:MX_TIM1_Init	40	static
../Core/Src/main.c:361:13:MX_USART1_UART_Init	8	static
../Core/Src/main.c:396:13:MX_USART2_UART_Init	8	static
../Core/Src/main.c:431:13:MX_GPIO_Init	48	static
../Core/Src/main.c:495:6:write_to_flash	144	static
../Core/Src/main.c:522:6:read_from_flash	408	static
../Core/Src/main.c:569:6:print_hex	24	static
../Core/Src/main.c:586:6:Error_Handler	4	static,ignoring_inline_asm
