../Core/Src/main.c:99:6:uart_print	24	static
../Core/Src/main.c:112:5:main	40	static
../Core/Src/main.c:235:6:SystemClock_Config	96	static
../Core/Src/main.c:285:13:MX_TIM1_Init	40	static
../Core/Src/main.c:332:13:MX_USART1_UART_Init	8	static
../Core/Src/main.c:367:13:MX_USART2_UART_Init	8	static
../Core/Src/main.c:402:13:MX_GPIO_Init	48	static
../Core/Src/main.c:462:6:HAL_GPIO_EXTI_Callback	16	static
../Core/Src/main.c:467:10:sensor_data	16	static
../Core/Src/main.c:495:6:Flash_Write_2kb	40	static
../Core/Src/main.c:532:6:Flash_Read_2kb	40	static
../Core/Src/main.c:560:6:Flash_Write	40	static
../Core/Src/main.c:601:6:Flash_erase	8	static
../Core/Src/main.c:613:7:Flash_Read	16	static
../Core/Src/main.c:639:6:Error_Handler	4	static,ignoring_inline_asm
