../Core/Src/main.c:99:6:uart_print	24	static
../Core/Src/main.c:112:5:main	32	static
../Core/Src/main.c:233:6:SystemClock_Config	96	static
../Core/Src/main.c:283:13:MX_TIM1_Init	40	static
../Core/Src/main.c:330:13:MX_USART1_UART_Init	8	static
../Core/Src/main.c:365:13:MX_USART2_UART_Init	8	static
../Core/Src/main.c:400:13:MX_GPIO_Init	48	static
../Core/Src/main.c:460:6:HAL_GPIO_EXTI_Callback	16	static
../Core/Src/main.c:465:10:sensor_data	16	static
../Core/Src/main.c:493:6:Flash_Write_2kb	40	static
../Core/Src/main.c:530:6:Flash_Read_2kb	40	static
../Core/Src/main.c:558:6:Flash_Write	40	static
../Core/Src/main.c:599:6:Flash_erase	8	static
../Core/Src/main.c:611:7:Flash_Read	16	static
../Core/Src/main.c:637:6:Error_Handler	4	static,ignoring_inline_asm
